../Core/Src/main.c:60:6:HAL_TIM_PeriodElapsedCallback	16	static
../Core/Src/main.c:65:9:waitForTimeOrButtonPress	32	static
../Core/Src/main.c:117:5:main	32	static
../Core/Src/main.c:312:6:SystemClock_Config	88	static
../Core/Src/main.c:359:13:MX_ADC1_Init	24	static
../Core/Src/main.c:411:13:MX_I2C1_Init	8	static
../Core/Src/main.c:445:13:MX_TIM1_Init	32	static
../Core/Src/main.c:491:13:MX_TIM2_Init	32	static
../Core/Src/main.c:536:13:MX_USART2_UART_Init	8	static
../Core/Src/main.c:569:13:MX_GPIO_Init	48	static
../Core/Src/main.c:617:6:Error_Handler	4	static,ignoring_inline_asm
