../Core/Src/main.c:57:6:HAL_TIM_PeriodElapsedCallback	16	static
../Core/Src/main.c:84:5:main	72	static
../Core/Src/main.c:196:6:SystemClock_Config	88	static
../Core/Src/main.c:243:13:MX_ADC1_Init	24	static
../Core/Src/main.c:295:13:MX_I2C1_Init	8	static
../Core/Src/main.c:329:13:MX_TIM1_Init	32	static
../Core/Src/main.c:375:13:MX_TIM2_Init	32	static
../Core/Src/main.c:420:13:MX_USART2_UART_Init	8	static
../Core/Src/main.c:453:13:MX_GPIO_Init	48	static
../Core/Src/main.c:501:6:Error_Handler	4	static,ignoring_inline_asm
