../Core/Src/recording.c:28:6:Recording_Init	8	static
../Core/Src/recording.c:37:6:Recording_Start	8	static
../Core/Src/recording.c:45:6:Recording_Stop	8	static
../Core/Src/recording.c:57:6:Recording_ProcessPotReading	16	static
../Core/Src/recording.c:68:6:Recording_ProcessUltraReading	24	static
../Core/Src/recording.c:109:6:Recording_ToggleDetailedStats	16	static
../Core/Src/recording.c:127:6:Recording_UpdateDisplay	8	static
../Core/Src/recording.c:168:9:Recording_IsShowingDetailedStats	4	static
../Core/Src/recording.c:178:19:Recording_GetPotData	4	static
../Core/Src/recording.c:188:21:Recording_GetUltraData	4	static
