../Core/Src/signals.c:50:6:resetStaticTrackers	4	static
../Core/Src/signals.c:66:6:Signals_Init	24	static
../Core/Src/signals.c:87:13:debugPrintVoltageStats	4	static
../Core/Src/signals.c:117:6:Signals_HandleTimerInterrupt	80	static
../Core/Src/signals.c:235:6:Signals_StartRecording	8	static
../Core/Src/signals.c:246:6:Signals_StopRecording	8	static
../Core/Src/signals.c:252:9:Signals_IsRecording	16	static
../Core/Src/signals.c:258:6:Signals_DisplayPotView	16	static
../Core/Src/signals.c:278:6:Signals_DisplayUltraView	16	static
../Core/Src/signals.c:298:6:Signals_DebugOutput	184	static
